
                             S:Min In-Plane Pr
                             incipal (•½‹Ï: 75
                             p) SP:1 PI: PART-
                  X              1-1 N: 620   

                0.                 0.         
                1.                 1.35332E+03
                1.                 1.35103E+03
                1.                 1.57791E+03
                1.                 1.50257E+03





                             S:Min In-Plane Pr
                             incipal (•½‹Ï: 75
                             p) SP:1 PI: PART-
                  X              1-1 N: 620   

                0.                 0.         
                1.                 1.35332E+03
                1.                 1.35103E+03
                1.                 1.57791E+03
                1.                 1.50257E+03





                             S:Max In-Plane Pr
                             incipal (•½‹Ï: 75
                             p) SP:1 PI: PART-
                  X              1-1 N: 620   

                0.                 0.         
                1.                 1.49664E+03
                1.                 1.45538E+03
                1.                 1.59903E+03
                1.                 1.56297E+03





                             S:Max In-Plane Pr
                             incipal (•½‹Ï: 75
                             p) SP:1 PI: PART-
                  X              1-1 N: 82    

                0.                 0.         
                1.                 1.54703E+03
                1.                 1.62352E+03
                1.                 1.59102E+03
                1.                 1.52913E+03





                             S:Min In-Plane Pr
                             incipal (•½‹Ï: 75
                             p) SP:1 PI: PART-
                  X              1-1 N: 82    

                0.                 0.         
                1.                 1.37829E+03
                1.                 1.32166E+03
                1.                 1.53545E+03
                1.                 1.47428E+03





                             S:Max In-Plane Pr
                             incipal (•½‹Ï: 75
                             p) SP:1 PI: PART-
                  X               1-1 N: 2    

                0.                 0.         
                1.                 1.61849E+03
                1.                 1.49793E+03
                1.                 1.45538E+03
                1.                 1.56297E+03





                             S:Min In-Plane Pr
                             incipal (•½‹Ï: 75
                             p) SP:1 PI: PART-
                  X               1-1 N: 2    

                0.                 0.         
                1.                 1.58997E+03
                1.                 1.39269E+03
                1.                 1.35103E+03
                1.                 1.50257E+03




