
                             S:Max Principal (
                             •½‹Ï: 75p) PI: PA
                  X              RT-1 N: 2    

                0.                 0.         
                1.                 1.06085    





                             S:Max Principal (
                             •½‹Ï: 75p) PI: PA
                  X              RT-1 N: 2    

                0.                 0.         
                1.                 1.06085    





                             S:Min Principal (
                             •½‹Ï: 75p) PI: PA
                  X             RT-1 N: 2_4   

                0.                 0.         
                1.               995.698E-03  





                             S:Max Principal (
                             •½‹Ï: 75p) PI: PA
                  X              RT-1 N: 2    

                0.                 0.         
                1.                 1.06085    





                             S:Min Principal (
                             •½‹Ï: 75p) PI: PA
                  X              RT-1 N: 2    

                0.                 0.         
                1.               995.698E-03  





                             S:Min Principal (
                             •½‹Ï: 75p) PI: PA
                  X              RT-1 N: 2    

                0.                 0.         
                1.               995.698E-03  




