
                             S:Min In-Plane Pr
                             incipal (•½‹Ï: 75
                             p) SP:1 PI: PART-
                  X              1-1 N: 294   

                0.                 0.         
              100.E-03            43.9126     
              100.E-03            55.2516     
              100.E-03            52.7475     
              100.E-03            41.7092     
              200.E-03            87.8251     
              200.E-03           110.503      
              200.E-03           105.495      
              200.E-03            83.4184     
              300.E-03           131.738      
              300.E-03           165.755      
              300.E-03           158.243      
              300.E-03           125.128      
              400.E-03           175.65       
              400.E-03           221.006      
              400.E-03           210.99       
              400.E-03           166.837      
              500.E-03           219.563      
              500.E-03           276.258      
              500.E-03           263.738      
              500.E-03           208.546      
              600.E-03           263.475      
              600.E-03           331.51       
              600.E-03           316.485      
              600.E-03           250.255      
              700.E-03           307.388      
              700.E-03           386.761      
              700.E-03           369.233      
              700.E-03           291.965      
              800.E-03           351.3        
              800.E-03           442.013      
              800.E-03           421.98       
              800.E-03           333.674      
              900.E-03           395.213      
              900.E-03           497.265      
              900.E-03           474.728      
              900.E-03           375.383      
                1.               439.126      
                1.               552.516      
                1.               527.475      
                1.               417.092      





                             S:Min In-Plane Pr
                             incipal (•½‹Ï: 75
                             p) SP:1 PI: PART-
                  X              1-1 N: 224   

                0.                 0.         
              100.E-03            51.5901     
              100.E-03            42.8338     
              100.E-03            51.5901     
              100.E-03            42.8338     
              200.E-03           103.18       
              200.E-03            85.6676     
              200.E-03           103.18       
              200.E-03            85.6676     
              300.E-03           154.77       
              300.E-03           128.501      
              300.E-03           154.77       
              300.E-03           128.501      
              400.E-03           206.36       
              400.E-03           171.335      
              400.E-03           206.36       
              400.E-03           171.335      
              500.E-03           257.95       
              500.E-03           214.169      
              500.E-03           257.95       
              500.E-03           214.169      
              600.E-03           309.541      
              600.E-03           257.003      
              600.E-03           309.541      
              600.E-03           257.003      
              700.E-03           361.131      
              700.E-03           299.837      
              700.E-03           361.131      
              700.E-03           299.837      
              800.E-03           412.721      
              800.E-03           342.671      
              800.E-03           412.721      
              800.E-03           342.671      
              900.E-03           464.311      
              900.E-03           385.504      
              900.E-03           464.311      
              900.E-03           385.504      
                1.               515.901      
                1.               428.338      
                1.               515.901      
                1.               428.338      





                             S:Max In-Plane Pr
                             incipal (•½‹Ï: 75
                             p) SP:1 PI: PART-
                  X              1-1 N: 224   

                0.                 0.         
              100.E-03            58.7342     
              100.E-03            54.9282     
              100.E-03            58.7342     
              100.E-03            54.9282     
              200.E-03           117.468      
              200.E-03           109.856      
              200.E-03           117.468      
              200.E-03           109.856      
              300.E-03           176.203      
              300.E-03           164.784      
              300.E-03           176.203      
              300.E-03           164.785      
              400.E-03           234.937      
              400.E-03           219.713      
              400.E-03           234.937      
              400.E-03           219.713      
              500.E-03           293.671      
              500.E-03           274.641      
              500.E-03           293.671      
              500.E-03           274.641      
              600.E-03           352.405      
              600.E-03           329.569      
              600.E-03           352.405      
              600.E-03           329.569      
              700.E-03           411.139      
              700.E-03           384.497      
              700.E-03           411.139      
              700.E-03           384.497      
              800.E-03           469.873      
              800.E-03           439.425      
              800.E-03           469.873      
              800.E-03           439.425      
              900.E-03           528.608      
              900.E-03           494.354      
              900.E-03           528.608      
              900.E-03           494.353      
                1.               587.342      
                1.               549.282      
                1.               587.342      
                1.               549.282      





                             S:Max In-Plane Pr
                             incipal (•½‹Ï: 75
                             p) SP:1 PI: PART-
                  X              1-1 N: 224   

                0.                 0.         
              100.E-03            58.7342     
              100.E-03            54.9282     
              100.E-03            58.7342     
              100.E-03            54.9282     
              200.E-03           117.468      
              200.E-03           109.856      
              200.E-03           117.468      
              200.E-03           109.856      
              300.E-03           176.203      
              300.E-03           164.784      
              300.E-03           176.203      
              300.E-03           164.785      
              400.E-03           234.937      
              400.E-03           219.713      
              400.E-03           234.937      
              400.E-03           219.713      
              500.E-03           293.671      
              500.E-03           274.641      
              500.E-03           293.671      
              500.E-03           274.641      
              600.E-03           352.405      
              600.E-03           329.569      
              600.E-03           352.405      
              600.E-03           329.569      
              700.E-03           411.139      
              700.E-03           384.497      
              700.E-03           411.139      
              700.E-03           384.497      
              800.E-03           469.873      
              800.E-03           439.425      
              800.E-03           469.873      
              800.E-03           439.425      
              900.E-03           528.608      
              900.E-03           494.354      
              900.E-03           528.608      
              900.E-03           494.353      
                1.               587.342      
                1.               549.282      
                1.               587.342      
                1.               549.282      




